// Jest Snapshot v1, https://goo.gl/fbAQLP

exports[`ModelProvider context provides defaults and options 1`] = `
<DocumentFragment>
  <div>
    <div
      data-testid="model"
    >
      auto
    </div>
    <div
      data-testid="expert"
    >
      false
    </div>
    <div
      data-testid="options"
    >
      auto,gpt-4o,gpt-4o-mini,gpt-3.5-turbo,claude-3-5-sonnet,gemini-2.5-pro,local-llama
    </div>
    <div
      data-testid="rates-count"
    >
      7
    </div>
    <div
      data-testid="selector-enabled"
    >
      true
    </div>
  </div>
</DocumentFragment>
`;
