// Jest Snapshot v1, https://goo.gl/fbAQLP

exports[`Override UI snapshots Canvas shows "Using global" by default 1`] = `
<DocumentFragment>
  <div
    class="min-h-screen bg-gray-950 text-gray-100"
  >
    <div
      class="p-4 border-b border-purple-500/20 flex items-center justify-between"
    >
      <div
        class="flex items-center gap-3"
      >
        <svg
          class="lucide lucide-terminal-square text-purple-400"
          fill="none"
          height="24"
          stroke="currentColor"
          stroke-linecap="round"
          stroke-linejoin="round"
          stroke-width="2"
          viewBox="0 0 24 24"
          width="24"
          xmlns="http://www.w3.org/2000/svg"
        >
          <path
            d="m7 11 2-2-2-2"
          />
          <path
            d="M11 13h4"
          />
          <rect
            height="18"
            rx="2"
            ry="2"
            width="18"
            x="3"
            y="3"
          />
        </svg>
        <h1
          class="text-xl font-semibold"
        >
          Brahm Canvas
        </h1>
        <span
          class="text-xs text-purple-300/70"
        >
          Jnana River
        </span>
      </div>
      <div
        class="flex items-center gap-2"
      >
        <label
          class="text-xs text-purple-300 flex items-center gap-2"
        >
          <span>
            Model
          </span>
          <select
            class="bg-gray-900 border border-gray-700 rounded px-2 py-1 text-gray-100 text-sm"
          >
            <option
              value="auto"
            >
              auto
            </option>
            <option
              value="gpt-4o"
            >
              gpt-4o
            </option>
            <option
              value="gpt-4o-mini"
            >
              gpt-4o-mini
            </option>
            <option
              value="gpt-3.5-turbo"
            >
              gpt-3.5-turbo
            </option>
            <option
              value="claude-3-5-sonnet"
            >
              claude-3-5-sonnet
            </option>
            <option
              value="local-llama"
            >
              local-llama
            </option>
          </select>
        </label>
        <label
          class="text-xs text-purple-300 flex items-center gap-1"
        >
          <input
            type="checkbox"
          />
           override
        </label>
        <button
          class="text-[11px] px-2 py-1 rounded bg-gray-800 border border-gray-700 hover:bg-gray-700"
          title="Revert to global model"
        >
          Use global
        </button>
        <span
          class="hidden md:inline text-xs text-purple-300/80"
        >
          Using global: 
          <b>
            auto
          </b>
        </span>
        <input
          class="bg-gray-800/70 rounded px-3 py-2 w-[380px] text-sm focus:outline-none focus:ring-2 focus:ring-purple-600/40"
          placeholder="Describe your goal..."
          value="Write a Python function that reverses a string."
        />
        <button
          class="px-4 py-2 rounded bg-purple-600 hover:bg-purple-700 disabled:opacity-50 flex items-center gap-2"
        >
          <svg
            class="lucide lucide-send "
            fill="none"
            height="16"
            stroke="currentColor"
            stroke-linecap="round"
            stroke-linejoin="round"
            stroke-width="2"
            viewBox="0 0 24 24"
            width="16"
            xmlns="http://www.w3.org/2000/svg"
          >
            <path
              d="m22 2-7 20-4-9-9-4Z"
            />
            <path
              d="M22 2 11 13"
            />
          </svg>
           Run Plan
        </button>
      </div>
    </div>
    <div
      class="h-[calc(100vh-64px)]"
    >
      <div
        class="grid grid-cols-2 gap-0 h-full"
      >
        <div
          class="border-r border-purple-500/20"
        >
          <div
            class="p-2 text-xs bg-gray-900/40 border-b border-purple-500/20"
          >
            Drag & drop files here to OCR (stub)
          </div>
          <div
            data-testid="dynamic-stub"
          />
        </div>
        <div
          class="p-3"
        >
          <div
            class="flex items-center justify-between mb-2 text-[11px] text-gray-400"
          >
            <span>
              Output
            </span>
            <div
              class="text-[11px] text-gray-500 flex items-center gap-2"
            >
              <span
                class="hidden md:inline"
              >
                Requests:
              </span>
              <span
                class="px-2 py-0.5 rounded bg-gray-900 border border-gray-700"
              >
                0
              </span>
            </div>
          </div>
          <pre
            class="h-full overflow-auto bg-gray-900 rounded p-3 text-xs"
          />
        </div>
      </div>
    </div>
  </div>
</DocumentFragment>
`;

exports[`Override UI snapshots Console renders model filter 1`] = `
<DocumentFragment>
  <div
    class="min-h-screen bg-gray-950 text-gray-100"
  >
    <header
      class="p-4 border-b border-purple-500/20 flex items-center justify-between"
    >
      <div
        class="flex items-center gap-3"
      >
        <svg
          class="lucide lucide-list-filter text-purple-400"
          fill="none"
          height="24"
          stroke="currentColor"
          stroke-linecap="round"
          stroke-linejoin="round"
          stroke-width="2"
          viewBox="0 0 24 24"
          width="24"
          xmlns="http://www.w3.org/2000/svg"
        >
          <path
            d="M3 6h18"
          />
          <path
            d="M7 12h10"
          />
          <path
            d="M10 18h4"
          />
        </svg>
        <h1
          class="text-xl font-semibold"
        >
          Self-Evolving Console
        </h1>
        <span
          class="text-xs text-purple-300/70"
        >
          Audit Filters
        </span>
      </div>
      <div
        class="flex items-center gap-3"
      >
        <label
          class="text-xs text-purple-300 flex items-center gap-2"
        >
          <span>
            Model
          </span>
          <select
            class="bg-gray-900 border border-gray-700 rounded px-2 py-1 text-gray-100 text-sm"
          >
            <option
              value="auto"
            >
              auto
            </option>
            <option
              value="gpt-4o"
            >
              gpt-4o
            </option>
            <option
              value="gpt-4o-mini"
            >
              gpt-4o-mini
            </option>
            <option
              value="gpt-3.5-turbo"
            >
              gpt-3.5-turbo
            </option>
            <option
              value="claude-3-5-sonnet"
            >
              claude-3-5-sonnet
            </option>
            <option
              value="local-llama"
            >
              local-llama
            </option>
          </select>
        </label>
        <button
          class="px-3 py-2 rounded bg-gray-800 hover:bg-gray-700 flex items-center gap-2 text-sm"
        >
          <svg
            class="lucide lucide-refresh-cw "
            fill="none"
            height="16"
            stroke="currentColor"
            stroke-linecap="round"
            stroke-linejoin="round"
            stroke-width="2"
            viewBox="0 0 24 24"
            width="16"
            xmlns="http://www.w3.org/2000/svg"
          >
            <path
              d="M3 12a9 9 0 0 1 9-9 9.75 9.75 0 0 1 6.74 2.74L21 8"
            />
            <path
              d="M21 3v5h-5"
            />
            <path
              d="M21 12a9 9 0 0 1-9 9 9.75 9.75 0 0 1-6.74-2.74L3 16"
            />
            <path
              d="M8 16H3v5"
            />
          </svg>
           Refresh
        </button>
      </div>
    </header>
    <main
      class="max-w-6xl mx-auto p-4 space-y-4"
    >
      <div
        class="bg-black/30 border border-purple-500/20 rounded-lg p-4"
      >
        <div
          class="flex items-center justify-between mb-2"
        >
          <div
            class="flex items-center gap-3"
          >
            <div
              class="text-sm font-semibold text-purple-300"
            >
              Live Telemetry
            </div>
            <div
              class="text-xs text-gray-400"
            >
              session-only, from client-side fetch
            </div>
          </div>
          <div
            class="flex items-center gap-2"
          >
            <button
              class="px-2 py-1 rounded bg-gray-800 hover:bg-gray-700 text-xs"
            >
              Show (0)
            </button>
            <button
              class="px-2 py-1 rounded bg-gray-800 hover:bg-gray-700 text-xs"
            >
              Clear
            </button>
          </div>
        </div>
      </div>
      <div
        class="bg-black/30 border border-purple-500/20 rounded-lg p-4"
      >
        <div
          class="grid md:grid-cols-6 gap-3"
        >
          <div>
            <label
              class="text-xs text-purple-300"
            >
              Stage
            </label>
            <select
              class="w-full bg-gray-900 border border-gray-700 rounded px-2 py-1"
            >
              <option
                value=""
              >
                Any
              </option>
              <option
                value="plan"
              >
                plan
              </option>
              <option
                value="dry-run"
              >
                dry-run
              </option>
              <option
                value="shadow-run"
              >
                shadow-run
              </option>
              <option
                value="approve"
              >
                approve
              </option>
              <option
                value="execute"
              >
                execute
              </option>
            </select>
          </div>
          <div>
            <label
              class="text-xs text-purple-300"
            >
              Allowed
            </label>
            <select
              class="w-full bg-gray-900 border border-gray-700 rounded px-2 py-1"
            >
              <option
                value=""
              >
                Any
              </option>
              <option
                value="true"
              >
                true
              </option>
              <option
                value="false"
              >
                false
              </option>
            </select>
          </div>
          <div>
            <label
              class="text-xs text-purple-300"
            >
              User
            </label>
            <input
              class="w-full bg-gray-900 border border-gray-700 rounded px-2 py-1"
              value=""
            />
          </div>
          <div>
            <label
              class="text-xs text-purple-300"
            >
              Tool
            </label>
            <input
              class="w-full bg-gray-900 border border-gray-700 rounded px-2 py-1"
              value=""
            />
          </div>
          <div>
            <label
              class="text-xs text-purple-300"
            >
              Model
            </label>
            <select
              class="w-full bg-gray-900 border border-gray-700 rounded px-2 py-1"
            >
              <option
                value=""
              >
                Any
              </option>
              <option
                value="auto"
              >
                auto
              </option>
              <option
                value="gpt-4o"
              >
                gpt-4o
              </option>
              <option
                value="gpt-4o-mini"
              >
                gpt-4o-mini
              </option>
              <option
                value="gpt-3.5-turbo"
              >
                gpt-3.5-turbo
              </option>
              <option
                value="claude-3-5-sonnet"
              >
                claude-3-5-sonnet
              </option>
              <option
                value="local-llama"
              >
                local-llama
              </option>
            </select>
          </div>
          <div
            class="md:col-span-2"
          >
            <label
              class="text-xs text-purple-300"
            >
              Search
            </label>
            <div
              class="flex items-center gap-2"
            >
              <svg
                class="lucide lucide-search text-gray-400"
                fill="none"
                height="16"
                stroke="currentColor"
                stroke-linecap="round"
                stroke-linejoin="round"
                stroke-width="2"
                viewBox="0 0 24 24"
                width="16"
                xmlns="http://www.w3.org/2000/svg"
              >
                <circle
                  cx="11"
                  cy="11"
                  r="8"
                />
                <path
                  d="m21 21-4.3-4.3"
                />
              </svg>
              <input
                class="flex-1 bg-gray-900 border border-gray-700 rounded px-2 py-1"
                placeholder="command contains..."
                value=""
              />
            </div>
          </div>
          <div>
            <label
              class="text-xs text-purple-300"
            >
              Start (ISO)
            </label>
            <input
              class="w-full bg-gray-900 border border-gray-700 rounded px-2 py-1"
              placeholder="2025-08-21T00:00:00Z"
              value=""
            />
          </div>
          <div>
            <label
              class="text-xs text-purple-300"
            >
              End (ISO)
            </label>
            <input
              class="w-full bg-gray-900 border border-gray-700 rounded px-2 py-1"
              placeholder="2025-08-22T00:00:00Z"
              value=""
            />
          </div>
          <div>
            <label
              class="text-xs text-purple-300"
            >
              Order
            </label>
            <select
              class="w-full bg-gray-900 border border-gray-700 rounded px-2 py-1"
            >
              <option
                value="desc"
              >
                Newest
              </option>
              <option
                value="asc"
              >
                Oldest
              </option>
            </select>
          </div>
          <div>
            <label
              class="text-xs text-purple-300"
            >
              Page size
            </label>
            <input
              class="w-full bg-gray-900 border border-gray-700 rounded px-2 py-1"
              max="100"
              min="1"
              type="number"
              value="20"
            />
          </div>
          <div
            class="flex items-end"
          >
            <button
              class="px-3 py-2 rounded bg-purple-700 hover:bg-purple-800 text-sm"
            >
              Apply
            </button>
          </div>
        </div>
      </div>
      <div
        class="bg-black/30 border border-purple-500/20 rounded-lg p-0 overflow-hidden"
      >
        <div
          class="overflow-x-auto"
        >
          <table
            class="min-w-full text-sm"
          >
            <thead
              class="bg-gray-900"
            >
              <tr>
                <th
                  class="px-3 py-2 text-left"
                >
                  Time
                </th>
                <th
                  class="px-3 py-2 text-left"
                >
                  User
                </th>
                <th
                  class="px-3 py-2 text-left"
                >
                  Stage
                </th>
                <th
                  class="px-3 py-2 text-left"
                >
                  Allowed
                </th>
                <th
                  class="px-3 py-2 text-left"
                >
                  Model
                </th>
                <th
                  class="px-3 py-2 text-left"
                >
                  Command
                </th>
                <th
                  class="px-3 py-2 text-left"
                >
                  Reason
                </th>
                <th
                  class="px-3 py-2 text-left"
                >
                  Details
                </th>
              </tr>
            </thead>
            <tbody>
              <tr>
                <td
                  class="px-3 py-6 text-center text-gray-400"
                  colspan="8"
                >
                  No results
                </td>
              </tr>
            </tbody>
          </table>
        </div>
        <div
          class="flex items-center justify-between p-3 bg-gray-900 border-t border-gray-800 text-xs"
        >
          <div>
            Total: 0
          </div>
          <div
            class="flex items-center gap-2"
          >
            <button
              class="px-2 py-1 rounded bg-gray-800 disabled:opacity-50"
              disabled=""
            >
              Prev
            </button>
            <div>
              Page 1 / 1
            </div>
            <button
              class="px-2 py-1 rounded bg-gray-800 disabled:opacity-50"
              disabled=""
            >
              Next
            </button>
          </div>
        </div>
      </div>
    </main>
  </div>
</DocumentFragment>
`;

exports[`Override UI snapshots Editor shows "Using global" by default 1`] = `
<DocumentFragment>
  <div
    class="p-6 space-y-4 max-w-[1400px] mx-auto"
  >
    <div
      class="flex items-center justify-between"
    >
      <h1
        class="text-2xl font-semibold"
      >
        Agentic Editor (Split Pane)
      </h1>
      <div
        class="flex items-center gap-2"
      >
        <label
          class="flex items-center gap-1 text-sm"
        >
          <span>
            Model
          </span>
          <select
            class="border rounded px-2 py-1"
          >
            <option
              value="auto"
            >
              auto
            </option>
            <option
              value="gpt-4o"
            >
              gpt-4o
            </option>
            <option
              value="gpt-4o-mini"
            >
              gpt-4o-mini
            </option>
            <option
              value="gpt-3.5-turbo"
            >
              gpt-3.5-turbo
            </option>
            <option
              value="claude-3-5-sonnet"
            >
              claude-3-5-sonnet
            </option>
            <option
              value="local-llama"
            >
              local-llama
            </option>
          </select>
        </label>
        <span
          class="hidden md:inline text-xs text-gray-600"
        >
          Using global: 
          <b>
            auto
          </b>
        </span>
        <span
          class="text-xs px-2 py-1 rounded bg-gray-100 border"
        >
          Est. cost: $0.00000 (46 tok)
        </span>
        <label
          class="flex items-center gap-1 text-sm"
        >
          <input
            type="checkbox"
          />
           Expert mode
        </label>
        <button
          class="px-3 py-1 rounded bg-purple-600 text-white"
          title="Run preview"
        >
          Run
        </button>
        <button
          class="px-3 py-1 rounded bg-gray-200"
          title="Copy code"
        >
          Copy
        </button>
      </div>
    </div>
    <div
      class="border rounded relative select-none"
      style="height: calc(100vh - 180px);"
    >
      <div
        class="absolute top-0 left-0 h-full overflow-hidden"
        style="width: 50%;"
      >
        <div
          data-testid="monaco-mock"
        />
      </div>
      <div
        class="absolute top-0 h-full cursor-col-resize group bg-transparent"
        style="left: calc(50% - 3px); width: 6px;"
      >
        <div
          class="absolute top-1/2 -translate-y-1/2 left-1/2 -translate-x-1/2 w-1 h-24 rounded bg-gray-400 group-hover:bg-purple-500"
        />
      </div>
      <div
        class="absolute top-0 right-0 h-full overflow-auto"
        style="width: 50%;"
      >
        <div
          class="h-full p-3 space-y-3"
        >
          <div>
            <div
              class="text-sm text-gray-600 mb-2"
            >
              Output / Preview
            </div>
            <div
              class="border rounded p-3 bg-white overflow-auto"
              style="height: 220px;"
            >
              <pre
                class="text-xs whitespace-pre-wrap"
              >
                Ready.
              </pre>
            </div>
          </div>
          <div>
            <div
              class="text-sm text-gray-600 mb-2"
            >
              File Upload (OCR)
            </div>
            <div
              class="border-2 border-dashed rounded p-4 border-gray-300"
              role="button"
              tabindex="0"
            >
              <div
                class="text-xs text-gray-600"
              >
                Drop files here, or click to browse
              </div>
              <input
                class="hidden"
                multiple=""
                type="file"
              />
            </div>
          </div>
        </div>
      </div>
    </div>
    <div
      class="text-xs text-gray-600 flex items-center justify-between"
    >
      <span>
        Tip: Drag the vertical divider to resize panes. This split-pane lays the foundation for code editing workflows.
      </span>
      <div
        class="text-[11px] text-gray-500 flex items-center gap-2"
      >
        <span
          class="hidden md:inline"
        >
          Requests:
        </span>
        <span
          class="px-2 py-0.5 rounded bg-gray-900 border border-gray-700"
        >
          0
        </span>
      </div>
    </div>
  </div>
</DocumentFragment>
`;
